
> agent-app@0.1.0 build
> next build

Γû▓ Next.js 16.1.6 (Turbopack)
- Environments: .env.local

npm : ΓÜá The 
"middleware" file 
convention is 
deprecated. Please use 
"proxy" instead. Learn 
more: https://nextjs.or
g/docs/messages/middlew
are-to-proxy
At line:1 char:1
+ npm run build > 
build_output.txt 2>&1
+ ~~~~~~~~~~~~~~~~~~~~~
~~~~~~~~~~~~~~~~
    + CategoryInfo     
         : NotSpecifi  
  ed: (ΓÜá The "midd   
 le...leware-to-pro    
xy:String) [], Rem    
oteException
    + FullyQualifiedEr 
   rorId : NativeComm  
  andError
 
  Creating an optimized production build ...

> Build error occurred
Error: Turbopack build 
failed with 1 errors:
./src/lib/supabase/serv
er.ts:2:1
Ecmascript file had an 
error
[0m [90m 1 |[39m 
[36mimport[39m { 
createServerClient } 
[36mfrom[39m [32m'@s
upabase/ssr'[39m
[31m[1m>[22m[39m[9
0m 2 |[39m 
[36mimport[39m { 
cookies } 
[36mfrom[39m [32m'ne
xt/headers'[39m
 [90m   |[39m [31m[
1m^[22m[39m[31m[1m^
[22m[39m[31m[1m^[2
2m[39m[31m[1m^[22m
[39m[31m[1m^[22m[39
m[31m[1m^[22m[39m[
31m[1m^[22m[39m[31m
[1m^[22m[39m[31m[1
m^[22m[39m[31m[1m^
[22m[39m[31m[1m^[22
m[39m[31m[1m^[22m[
39m[31m[1m^[22m[39m
[31m[1m^[22m[39m[3
1m[1m^[22m[39m[31m
[1m^[22m[39m[31m[1m
^[22m[39m[31m[1m^[
22m[39m[31m[1m^[22m
[39m[31m[1m^[22m[3
9m[31m[1m^[22m[39m
[31m[1m^[22m[39m[31
m[1m^[22m[39m[31m[
1m^[22m[39m[31m[1m^
[22m[39m[31m[1m^[2
2m[39m[31m[1m^[22m
[39m[31m[1m^[22m[39
m[31m[1m^[22m[39m[
31m[1m^[22m[39m[31m
[1m^[22m[39m[31m[1
m^[22m[39m[31m[1m^
[22m[39m[31m[1m^[22
m[39m[31m[1m^[22m[
39m[31m[1m^[22m[39m
[31m[1m^[22m[39m[3
1m[1m^[22m[39m
 [90m 3 |[39m
 [90m 4 |[39m 
[36mexport[39m 
[36masync[39m 
[36mfunction[39m 
createClient() {
 [90m 5 |[39m   
[36mconst[39m 
cookieStore 
[33m=[39m 
[36mawait[39m 
cookies()[0m

You're importing a 
component that needs 
"next/headers". That 
only works in a Server 
Component which is not 
supported in the 
pages/ directory. Read 
more: https://nextjs.or
g/docs/app/building-you
r-application/rendering
/server-components



Import traces:
  App Route:
    ./src/lib/supabase/
server.ts
    ./src/app/api/escro
w/lock-funds/route.ts

  Server Component:
    ./src/lib/supabase/
server.ts
    ./src/app/login/act
ions.ts

  Client Component 
Browser:
    ./src/lib/supabase/
server.ts [Client 
Component Browser]
    ./src/app/page.tsx 
[Client Component 
Browser]
    ./src/app/page.tsx 
[Server Component]

  Client Component SSR:
    ./src/lib/supabase/
server.ts [Client 
Component SSR]
    ./src/app/page.tsx 
[Client Component SSR]
    ./src/app/page.tsx 
[Server Component]


    at <unknown> (./src
/lib/supabase/server.ts
:2:1)
